CREATE EXTENSION IF NOT EXISTS aqo;
SELECT true AS success FROM aqo_reset();
 success 
---------
 t
(1 row)

SET aqo.mode = 'learn';
DROP TABLE IF EXISTS a;
NOTICE:  table "a" does not exist, skipping
DROP TABLE IF EXISTS b;
NOTICE:  table "b" does not exist, skipping
CREATE TABLE a();
SELECT * FROM a;
--
(0 rows)

SELECT 'a'::regclass::oid AS a_oid \gset
SELECT true AS success FROM aqo_cleanup();
 success 
---------
 t
(1 row)

/*
 * lines with a_oid in aqo_data,
 * lines with fs corresponding to a_oid in aqo_queries,
 * lines with queryid corresponding to a_oid's fs in aqo_query_texts,
 * lines with queryid corresponding to a_oid's fs in aqo_query_stat
 * should remain
 */
SELECT count(*) FROM aqo_data WHERE :a_oid=ANY(oids);
 count 
-------
     1
(1 row)

SELECT count(*) FROM aqo_queries WHERE
    aqo_queries.fs = ANY(SELECT aqo_data.fs FROM aqo_data WHERE :a_oid=ANY(oids));
 count 
-------
     1
(1 row)

SELECT count(*) FROM aqo_query_texts WHERE
    aqo_query_texts.queryid = ANY(SELECT aqo_queries.queryid FROM aqo_queries WHERE
        aqo_queries.fs = ANY(SELECT aqo_data.fs FROM aqo_data WHERE :a_oid=ANY(oids)));
 count 
-------
     1
(1 row)

SELECT count(*) FROM aqo_query_stat WHERE
    aqo_query_stat.queryid = ANY(SELECT aqo_queries.queryid FROM aqo_queries WHERE
        aqo_queries.fs = ANY(SELECT aqo_data.fs FROM aqo_data WHERE :a_oid=ANY(oids)));
 count 
-------
     1
(1 row)

DROP TABLE a;
SELECT true AS success FROM aqo_cleanup();
 success 
---------
 t
(1 row)

/*
 * lines with a_oid in aqo_data,
 * lines with a_oid's fs EQUAL TO queryid in aqo_queries,
 * lines with queryid corresponding to a_oid's fs in aqo_query_texts,
 * lines with queryid corresponding to a_oid's fs in aqo_query_stat,
 * should be deleted
*/
SELECT count(*) FROM aqo_data WHERE :a_oid=ANY(oids);
 count 
-------
     0
(1 row)

SELECT count(*) FROM aqo_queries WHERE
    aqo_queries.fs = ANY(SELECT aqo_data.fs FROM aqo_data WHERE :a_oid=ANY(oids)) AND
        aqo_queries.fs = aqo_queries.queryid;
 count 
-------
     0
(1 row)

SELECT count(*) FROM aqo_query_texts WHERE
    aqo_query_texts.queryid = ANY(SELECT aqo_queries.queryid FROM aqo_queries WHERE
        aqo_queries.fs = ANY(SELECT aqo_data.fs FROM aqo_data WHERE :a_oid=ANY(oids)) AND
            aqo_queries.fs = aqo_queries.queryid);
 count 
-------
     0
(1 row)

SELECT count(*) FROM aqo_query_stat WHERE
    aqo_query_stat.queryid = ANY(SELECT aqo_queries.queryid FROM aqo_queries WHERE
        aqo_queries.fs = ANY(SELECT aqo_data.fs FROM aqo_data WHERE :a_oid=ANY(oids)) AND
            aqo_queries.fs = aqo_queries.queryid);
 count 
-------
     0
(1 row)

CREATE TABLE a();
CREATE TABLE b();
SELECT * FROM a;
--
(0 rows)

SELECT * FROM b;
--
(0 rows)

SELECT * FROM b CROSS JOIN a;
--
(0 rows)

SELECT 'a'::regclass::oid AS a_oid \gset
SELECT 'b'::regclass::oid AS b_oid \gset
-- new lines added to aqo_data
SELECT count(*) FROM aqo_data WHERE :a_oid=ANY(oids);
 count 
-------
     3
(1 row)

SELECT count(*) FROM aqo_queries WHERE
    aqo_queries.fs = ANY(SELECT aqo_data.fs FROM aqo_data WHERE :a_oid=ANY(oids));
 count 
-------
     2
(1 row)

SELECT count(*) FROM aqo_query_texts WHERE
    aqo_query_texts.queryid = ANY(SELECT aqo_queries.queryid FROM aqo_queries WHERE
        aqo_queries.fs = ANY(SELECT aqo_data.fs FROM aqo_data WHERE :a_oid=ANY(oids)));
 count 
-------
     2
(1 row)

SELECT count(*) FROM aqo_query_stat WHERE
    aqo_query_stat.queryid = ANY(SELECT aqo_queries.queryid FROM aqo_queries WHERE
        aqo_queries.fs = ANY(SELECT aqo_data.fs FROM aqo_data WHERE :a_oid=ANY(oids)));
 count 
-------
     2
(1 row)

SELECT count(*) FROM aqo_data WHERE :b_oid=ANY(oids);
 count 
-------
     3
(1 row)

SELECT count(*) FROM aqo_queries WHERE
    aqo_queries.fs = ANY(SELECT aqo_data.fs FROM aqo_data WHERE :b_oid=ANY(oids));
 count 
-------
     2
(1 row)

SELECT count(*) FROM aqo_query_texts WHERE
    aqo_query_texts.queryid = ANY(SELECT aqo_queries.queryid FROM aqo_queries WHERE
        aqo_queries.fs = ANY(SELECT aqo_data.fs FROM aqo_data WHERE :b_oid=ANY(oids)));
 count 
-------
     2
(1 row)

SELECT count(*) FROM aqo_query_stat WHERE
    aqo_query_stat.queryid = ANY(SELECT aqo_queries.queryid FROM aqo_queries WHERE
        aqo_queries.fs = ANY(SELECT aqo_data.fs FROM aqo_data WHERE :b_oid=ANY(oids)));
 count 
-------
     2
(1 row)

DROP TABLE a;
SELECT true AS success FROM aqo_cleanup();
 success 
---------
 t
(1 row)

/*
 * lines corresponding to a_oid and both a_oid's fs deleted in aqo_data,
 * lines with fs corresponding to a_oid deleted in aqo_queries,
 * lines with queryid corresponding to a_oid's fs deleted in aqo_query_texts,
 * lines with queryid corresponding to a_oid's fs deleted in aqo_query_stat,
 */
SELECT count(*) FROM aqo_data WHERE :a_oid=ANY(oids);
 count 
-------
     0
(1 row)

SELECT count(*) FROM aqo_queries WHERE
    aqo_queries.fs = ANY(SELECT aqo_data.fs FROM aqo_data WHERE :a_oid=ANY(oids)) AND
        aqo_queries.fs = aqo_queries.queryid;
 count 
-------
     0
(1 row)

SELECT count(*) FROM aqo_query_texts WHERE
    aqo_query_texts.queryid = ANY(SELECT aqo_queries.queryid FROM aqo_queries WHERE
        aqo_queries.fs = ANY(SELECT aqo_data.fs FROM aqo_data WHERE :a_oid=ANY(oids)) AND
            aqo_queries.fs = aqo_queries.queryid);
 count 
-------
     0
(1 row)

SELECT count(*) FROM aqo_query_stat WHERE
    aqo_query_stat.queryid = ANY(SELECT aqo_queries.queryid FROM aqo_queries WHERE
        aqo_queries.fs = ANY(SELECT aqo_data.fs FROM aqo_data WHERE :a_oid=ANY(oids)) AND
            aqo_queries.fs = aqo_queries.queryid);
 count 
-------
     0
(1 row)

-- lines corresponding to b_oid in all theese tables should remain
SELECT count(*) FROM aqo_data WHERE :b_oid=ANY(oids);
 count 
-------
     1
(1 row)

SELECT count(*) FROM aqo_queries WHERE
    aqo_queries.fs = ANY(SELECT aqo_data.fs FROM aqo_data WHERE :b_oid=ANY(oids)) AND
        aqo_queries.fs = aqo_queries.queryid;
 count 
-------
     1
(1 row)

SELECT count(*) FROM aqo_query_texts WHERE
    aqo_query_texts.queryid = ANY(SELECT aqo_queries.queryid FROM aqo_queries WHERE
        aqo_queries.fs = ANY(SELECT aqo_data.fs FROM aqo_data WHERE :b_oid=ANY(oids)) AND
            aqo_queries.fs = aqo_queries.queryid);
 count 
-------
     1
(1 row)

SELECT count(*) FROM aqo_query_stat WHERE
    aqo_query_stat.queryid = ANY(SELECT aqo_queries.queryid FROM aqo_queries WHERE
        aqo_queries.fs = ANY(SELECT aqo_data.fs FROM aqo_data WHERE :b_oid=ANY(oids)) AND
            aqo_queries.fs = aqo_queries.queryid);
 count 
-------
     1
(1 row)

DROP TABLE b;
SELECT true AS success FROM aqo_cleanup();
 success 
---------
 t
(1 row)

-- lines corresponding to b_oid in theese tables deleted
SELECT count(*) FROM aqo_data WHERE :b_oid=ANY(oids);
 count 
-------
     0
(1 row)

SELECT count(*) FROM aqo_queries WHERE
    aqo_queries.fs = ANY(SELECT aqo_data.fs FROM aqo_data WHERE :b_oid=ANY(oids)) AND
        aqo_queries.fs = aqo_queries.queryid;
 count 
-------
     0
(1 row)

SELECT count(*) FROM aqo_query_texts WHERE
    aqo_query_texts.queryid = ANY(SELECT aqo_queries.queryid FROM aqo_queries WHERE
        aqo_queries.fs = ANY(SELECT aqo_data.fs FROM aqo_data WHERE :b_oid=ANY(oids)) AND
            aqo_queries.fs = aqo_queries.queryid);
 count 
-------
     0
(1 row)

SELECT count(*) FROM aqo_query_stat WHERE
    aqo_query_stat.queryid = ANY(SELECT aqo_queries.queryid FROM aqo_queries WHERE
        aqo_queries.fs = ANY(SELECT aqo_data.fs FROM aqo_data WHERE :b_oid=ANY(oids)) AND
            aqo_queries.fs = aqo_queries.queryid);
 count 
-------
     0
(1 row)

DROP EXTENSION aqo;
